<?xml version="1.0" encoding="UTF-8"?>
<project xmlns="http://maven.apache.org/POM/4.0.0" xmlns:xsi="http://www.w3.org/2001/XMLSchema-instance" xsi:schemaLocation="http://maven.apache.org/POM/4.0.0 http://maven.apache.org/maven-v4_0_0.xsd">
  <modelVersion>4.0.0</modelVersion>
  <groupId>com.github.ekryd.sortpom.its</groupId>
  <artifactId>quiet-sorting</artifactId>
  <version>0.0.1-SNAPSHOT</version>
  <packaging>pom</packaging>
  <name>SortPom Plugin :: ITs :: Quiet Sorting</name>
  <description>Sorting, but no messages</description>
  <url>no-url</url>
  <properties>
    <project.build.sourceEncoding>UTF-8</project.build.sourceEncoding>
  </properties>
  <dependencies>
    <dependency>
      <groupId>org.apache.maven.plugin-tools</groupId>
      <artifactId>maven-plugin-annotations</artifactId>
      <version>3.15.1</version>
      <scope>provided</scope>
    </dependency>
  </dependencies>
  <build>
    <plugins>
      <plugin>
        <groupId>com.github.ekryd.sortpom</groupId>
        <artifactId>sortpom-maven-plugin</artifactId>
        <version>@pom.version@</version>
        <executions>
          <execution>
            <goals>
              <goal>sort</goal>
            </goals>
            <configuration>
              <quiet>true</quiet>
            </configuration>
          </execution>
        </executions>
      </plugin>
    </plugins>
  </build>
</project>
