<?xml version="1.0" encoding="UTF-8"?>
<project xmlns="http://maven.apache.org/POM/4.0.0" xmlns:xsi="http://www.w3.org/2001/XMLSchema-instance" xsi:schemaLocation="http://maven.apache.org/POM/4.0.0 http://maven.apache.org/maven-v4_0_0.xsd">
  <modelVersion>4.0.0</modelVersion>
  <groupId>com.github.ekryd.sortpom.its</groupId>
  <artifactId>sort-dependencies</artifactId>
  <version>0.0.1-SNAPSHOT</version>
  <packaging>pom</packaging>
  <name>SortPom Plugin :: ITs :: Sort dependencies</name>
  <description>Test sorting dependencies</description>
  <url>no-url</url>
  <properties>
    <project.build.sourceEncoding>UTF-8</project.build.sourceEncoding>
  </properties>
  <dependencyManagement>
    <dependencies>
      <dependency>
        <groupId>org.springframework</groupId>
        <artifactId>spring-framework-bom</artifactId>
        <version>6.0.12</version>
        <type>pom</type>
        <scope>import</scope>
      </dependency>
      <dependency>
        <groupId>com.github.ekryd.sortpom</groupId>
        <artifactId>sortpom-sorter</artifactId>
        <version>3.3.0</version>
      </dependency>
      <dependency>
        <groupId>org.apache.maven</groupId>
        <artifactId>maven-plugin-api</artifactId>
        <version>3.9.4</version>
      </dependency>
      <dependency>
        <groupId>org.apache.maven.plugin-tools</groupId>
        <artifactId>maven-plugin-annotations</artifactId>
        <scope>provided</scope>
      </dependency>
      <dependency>
        <groupId>junit</groupId>
        <artifactId>junit</artifactId>
        <version>4.13.2</version>
        <scope>test</scope>
      </dependency>
      <dependency>
        <groupId>org.hamcrest</groupId>
        <artifactId>hamcrest-all</artifactId>
        <version>1.3</version>
        <scope>test</scope>
      </dependency>
      <dependency>
        <groupId>org.mockito</groupId>
        <artifactId>mockito-all</artifactId>
        <version>1.10.19</version>
        <scope>test</scope>
      </dependency>
    </dependencies>
  </dependencyManagement>
  <build>
    <plugins>
      <plugin>
        <groupId>com.github.ekryd.sortpom</groupId>
        <artifactId>sortpom-maven-plugin</artifactId>
        <version>@pom.version@</version>
        <executions>
          <execution>
            <goals>
              <goal>sort</goal>
            </goals>
            <configuration>
              <sortDependencies>scope,groupId,artifactId</sortDependencies>
            </configuration>
          </execution>
        </executions>
      </plugin>
    </plugins>
  </build>
</project>
