<?xml version="1.0" encoding="UTF-8"?>
<project xmlns="http://maven.apache.org/POM/4.0.0" xmlns:xsi="http://www.w3.org/2001/XMLSchema-instance" xsi:schemaLocation="http://maven.apache.org/POM/4.0.0 http://maven.apache.org/maven-v4_0_0.xsd">
  <modelVersion>4.0.0</modelVersion>
  <groupId>com.github.ekryd.sortpom.its</groupId>
  <artifactId>predefined-sort-order</artifactId>
  <version>0.0.1-SNAPSHOT</version>
  <packaging>pom</packaging>
  <url>no-url</url>
  <properties>
    <project.build.sourceEncoding>UTF-8</project.build.sourceEncoding>
    <simple-prop />
  </properties>
  <build>
    <plugins>
      <plugin>
        <groupId>com.github.ekryd.sortpom</groupId>
        <artifactId>sortpom-maven-plugin</artifactId>
        <version>@pom.version@</version>
        <executions>
          <execution>
            <goals>
              <goal>sort</goal>
            </goals>
            <configuration>
              <predefinedSortOrder>default_1_0_0</predefinedSortOrder>
              <keepBlankLines>false</keepBlankLines>
              <endWithNewline>false</endWithNewline>
              <spaceBeforeCloseEmptyElement>true</spaceBeforeCloseEmptyElement>
              <expandEmptyElements>false</expandEmptyElements>
            </configuration>
          </execution>
        </executions>
        <dependencies>
          <dependency>
            <groupId>commons-beanutils</groupId>
            <artifactId>commons-beanutils</artifactId>
            <version>1.9.4</version>
          </dependency>
        </dependencies>
      </plugin>
    </plugins>
  </build>
</project>